============================= test session starts =============================
platform win32 -- Python 3.12.3, pytest-9.0.2, pluggy-1.6.0
rootdir: R:\2026\Project\SkillMatch
plugins: anyio-4.9.0, asyncio-1.3.0
asyncio: mode=Mode.STRICT, debug=False, asyncio_default_fixture_loop_scope=None, asyncio_default_test_loop_scope=function
collected 3 items

tests\test_suggestions.py F.F                                            [100%]

================================== FAILURES ===================================
________________________ test_cooccurrence_suggestions ________________________

    def test_cooccurrence_suggestions():
        engine = SuggestionEngine()
        jd_skills = ["python", "machine learning"]
        resume_skills = ["python"]
    
        suggestions = engine.suggest_cooccurrence(jd_skills, resume_skills)
    
        # Python trigger: numpy, pandas, matplotlib, seaborn
        # ML trigger: scikit-learn, scipy, xgboost
        # Since resume has python, numpy/pandas/etc should be suggested
        # Since resume doesn't have ML, scikit-learn/etc should be suggested
    
        assert "numpy" in suggestions or "pandas" in suggestions
>       assert "scikit-learn" in suggestions
E       AssertionError: assert 'scikit-learn' in ['pandas', 'numpy', 'seaborn', 'matplotlib']

tests\test_suggestions.py:16: AssertionError
____________________________ test_all_suggestions _____________________________

    def test_all_suggestions():
        engine = SuggestionEngine()
        jd_skills = ["SQL", "JavaScript"]
        resume_skills = ["SQL", "React"]
    
        all_sug = engine.get_all_suggestions(jd_skills, resume_skills)
    
        # SQL -> postgresql, mysql, mongodb
        # JavaScript -> react, node.js, typescript
        # Resume already has React, so node.js/typescript should be suggested
    
>       assert "node.js" in all_sug or "typescript" in all_sug
E       AssertionError: assert ('node.js' in ['mysql', 'postgresql', 'mongodb'] or 'typescript' in ['mysql', 'postgresql', 'mongodb'])

tests\test_suggestions.py:39: AssertionError
=========================== short test summary info ===========================
FAILED tests/test_suggestions.py::test_cooccurrence_suggestions - AssertionEr...
FAILED tests/test_suggestions.py::test_all_suggestions - AssertionError: asse...
========================= 2 failed, 1 passed in 0.30s =========================
